=== Concurrent HNSW Performance Test ===
base_path:           ./testcases/sequential_insert_baseline/base_vectors/base_vectors.fbin
query_path:          ./testcases/sequential_insert_baseline/query_vectors/query_vectors.fbin
output:              /mnt/c/Users/wangd/Documents/ura-hnsw-graphs/experiments/baseline_experiment/output.log
csv:                 /mnt/c/Users/wangd/Documents/ura-hnsw-graphs/experiments/baseline_experiment/output.csv

initial_N:           50000
Q (ops per worker):  10000
D:                   128
k:                   100
num_readers:         100
num_writers:         100
insert_query_idx:    0
same_query_for_all:  False

=== Build ===
space:               l2
M:                   16
ef_construction:     200
ef:                  50
random_seed:         42
build_seconds:       158.782554

=== Concurrent phase ===
elapsed_seconds:     440.352279
reader_ops_done:     1000000
writer_ops_done:     1000000
expected_reader_ops: 1000000
expected_writer_ops: 1000000
exceptions:          0

=== Reader summary ===
avg_wall_seconds:    188.429694
max_wall_seconds:    191.416927

=== Writer summary ===
avg_wall_seconds:    437.330956
max_wall_seconds:    439.933390